login as: tomcat-app
tomcat-app@ncias-q389-v.nci.nih.gov's password:
Last login: Thu Mar 31 16:42:26 2011 from 156.40.140.227
********************************************************************************

                              ***WARNING***

You are accessing a U.S. Government information system, which includes (1) this
computer, (2) this computer network, (3) all computers connected to this
network, and (4) all devices and storage media attached to this network or to a
computer on this network.  This information system is provided for U.S.
Government-authorized use only.

Unauthorized or improper use of this system may result in disciplinary action,
as well as civil and criminal penalties.

By using this information system, you understand and consent to the following:

** You have no reasonable expectation of privacy regarding any communications
or data transiting or stored on this information system.  At any time, and for
any lawful Government purpose, the government may monitor, intercept, and search
and seize any communication or data transiting or stored on this information
system.

** Any communication or data transiting or stored on this information system may
be disclosed or used for any lawful Government purpose.

********************************************************************************
[tomcat-app@ncias-q389-v ~]$ pwd
/usr/local/ccts/tomcat-app
[tomcat-app@ncias-q389-v ~]$ ls
ant                               certificates      logs.sh
apache-activemq-5.3.2             certificates-old  mirth-1.8.2
apache-activemq-5.3.2-bin.tar.gz  data              mirth-1.8.2.4472.zip
apache-servicemix-3.3.1           deploy            propertiesfromprod
apache-tomcat-5.5.27              environment_vars  repository
apps                              globus            startup.sh
c3dmessage.xml                    gridinstaller     suite_installer
caAERSmessage.xml                 hist.txt          tdown.sh
cagrid                            InstallCert       tomcat-5.5.27
caGrid                            keystore          tup.sh
cchc                              logs-and-file.sh  workspaces
[tomcat-app@ncias-q389-v ~]$ tlogs
[tomcat-app@ncias-q389-v logs]$ ls
admin.2011-03-31.log         labviewer.log
c3pr.log                     localhost.2011-03-31.log
caaers.hibernate.log         manager.2011-03-31.log
caaers.log                   profiler-c3pr.log
catalina.2011-03-31.log      registration-xml-import-c3pr.log
catalina.2011-04-01.log      studycalendar.log
catalina.out                 studycalendar-plugins.log
caXchange.log                study-xml-import-c3pr.log
ctom.log                     suite-dashboard.log
host-manager.2011-03-31.log  wsrf-caaers.log
infrastructure-c3pr.log
[tomcat-app@ncias-q389-v logs]$ more studycalendar-plugins.log
11:12:58 |  |  | WARN : No configuration found. Configuring ehcache from ehcache
-failsafe.xml  found in the classpath: bundle://534.0:1/ehcache-failsafe.xml
11:13:16 |  |  | WARN : No configuration found. Configuring ehcache from ehcache
-failsafe.xml  found in the classpath: bundle://534.0:1/ehcache-failsafe.xml
11:13:16 |  |  | WARN : Creating a new instance of CacheManager using the diskSt
orePath "/usr/local/ccts/tomcat-app/apache-tomcat-5.5.27/temp" which is already
used by an existing CacheManager.
The source of the configuration was classpath.
The diskStore path for this CacheManager will be set to /usr/local/ccts/tomcat-a
pp/apache-tomcat-5.5.27/temp/ehcache_auto_created_1301584396130.
To avoid this warning consider using the CacheManager factory methods to create
a singleton CacheManager or specifying a separate ehcache configuration (ehcache
.xml) for each CacheManager instance.
[tomcat-app@ncias-q389-v logs]$ vi studycalendar-plugins.log
[tomcat-app@ncias-q389-v logs]$ ls
admin.2011-03-31.log         labviewer.log
c3pr.log                     localhost.2011-03-31.log
caaers.hibernate.log         manager.2011-03-31.log
caaers.log                   profiler-c3pr.log
catalina.2011-03-31.log      registration-xml-import-c3pr.log
catalina.2011-04-01.log      studycalendar.log
catalina.out                 studycalendar-plugins.log
caXchange.log                study-xml-import-c3pr.log
ctom.log                     suite-dashboard.log
host-manager.2011-03-31.log  wsrf-caaers.log
infrastructure-c3pr.log
[tomcat-app@ncias-q389-v logs]$ vi caXchange.log
[tomcat-app@ncias-q389-v logs]$ ls
admin.2011-03-31.log         labviewer.log
c3pr.log                     localhost.2011-03-31.log
caaers.hibernate.log         manager.2011-03-31.log
caaers.log                   profiler-c3pr.log
catalina.2011-03-31.log      registration-xml-import-c3pr.log
catalina.2011-04-01.log      studycalendar.log
catalina.out                 studycalendar-plugins.log
caXchange.log                study-xml-import-c3pr.log
ctom.log                     suite-dashboard.log
host-manager.2011-03-31.log  wsrf-caaers.log
infrastructure-c3pr.log
[tomcat-app@ncias-q389-v logs]$ ls\
>
[tomcat-app@ncias-q389-v logs]$ ls
admin.2011-03-31.log         labviewer.log
c3pr.log                     localhost.2011-03-31.log
caaers.hibernate.log         manager.2011-03-31.log
caaers.log                   profiler-c3pr.log
catalina.2011-03-31.log      registration-xml-import-c3pr.log
catalina.2011-04-01.log      studycalendar.log
catalina.out                 studycalendar-plugins.log
caXchange.log                study-xml-import-c3pr.log
ctom.log                     suite-dashboard.log
host-manager.2011-03-31.log  wsrf-caaers.log
infrastructure-c3pr.log
[tomcat-app@ncias-q389-v logs]$ cd ..
[tomcat-app@ncias-q389-v apache-tomcat-5.5.27]$ ls
bin            temp
common         tempexportedstudy_ccts_qa_002.xml
conf           tempexportedstudy_ccts_qa_02.xml
LICENSE        tempexportedstudy_ccts_qa_20.xml
logs           tempexportedstudy_ccts_qa_223.xml
NOTICE         tempexportedstudy_ccts_qa_224.xml
RELEASE-NOTES  tempexportedstudy_ctep2.xml
RUNNING.txt    webapps
server         work
shared
[tomcat-app@ncias-q389-v apache-tomcat-5.5.27]$ tlogs
[tomcat-app@ncias-q389-v logs]$ ls
admin.2011-03-31.log         labviewer.log
c3pr.log                     localhost.2011-03-31.log
caaers.hibernate.log         manager.2011-03-31.log
caaers.log                   profiler-c3pr.log
catalina.2011-03-31.log      registration-xml-import-c3pr.log
catalina.2011-04-01.log      studycalendar.log
catalina.out                 studycalendar-plugins.log
caXchange.log                study-xml-import-c3pr.log
ctom.log                     suite-dashboard.log
host-manager.2011-03-31.log  wsrf-caaers.log
infrastructure-c3pr.log
[tomcat-app@ncias-q389-v logs]$ tlogs
[tomcat-app@ncias-q389-v logs]$ ls
admin.2011-03-31.log         labviewer.log
c3pr.log                     localhost.2011-03-31.log
caaers.hibernate.log         manager.2011-03-31.log
caaers.log                   profiler-c3pr.log
catalina.2011-03-31.log      registration-xml-import-c3pr.log
catalina.2011-04-01.log      studycalendar.log
catalina.out                 studycalendar-plugins.log
caXchange.log                study-xml-import-c3pr.log
ctom.log                     suite-dashboard.log
host-manager.2011-03-31.log  wsrf-caaers.log
infrastructure-c3pr.log
[tomcat-app@ncias-q389-v logs]$ vi studycalendar-plugins.log
[tomcat-app@ncias-q389-v logs]$ ls
admin.2011-03-31.log     catalina.out                 localhost.2011-03-31.log          study-xml-import-c3pr.log
c3pr.log                 caXchange.log                manager.2011-03-31.log            suite-dashboard.log
caaers.hibernate.log     ctom.log                     profiler-c3pr.log                 wsrf-caaers.log
caaers.log               host-manager.2011-03-31.log  registration-xml-import-c3pr.log
catalina.2011-03-31.log  infrastructure-c3pr.log      studycalendar.log
catalina.2011-04-01.log  labviewer.log                studycalendar-plugins.log
[tomcat-app@ncias-q389-v logs]$ vi c3pr.log
[tomcat-app@ncias-q389-v logs]$ ls
admin.2011-03-31.log  catalina.2011-03-31.log  host-manager.2011-03-31.log  profiler-c3pr.log                 study-xml-import-c3pr.log
c3pr.log              catalina.2011-04-01.log  infrastructure-c3pr.log      registration-xml-import-c3pr.log  suite-dashboard.log
c3pr.log.1            catalina.out             labviewer.log                studycalendar.2011-03-31.log.gz   wsrf-caaers.log
caaers.hibernate.log  caXchange.log            localhost.2011-03-31.log     studycalendar.log
caaers.log            ctom.log                 manager.2011-03-31.log       studycalendar-plugins.log
[tomcat-app@ncias-q389-v logs]$ tlogs
[tomcat-app@ncias-q389-v logs]$ ls
admin.2011-03-31.log  catalina.2011-03-31.log  host-manager.2011-03-31.log  profiler-c3pr.log                 study-xml-import-c3pr.log
c3pr.log              catalina.2011-04-01.log  infrastructure-c3pr.log      registration-xml-import-c3pr.log  suite-dashboard.log
c3pr.log.1            catalina.out             labviewer.log                studycalendar.2011-03-31.log.gz   wsrf-caaers.log
caaers.hibernate.log  caXchange.log            localhost.2011-03-31.log     studycalendar.log
caaers.log            ctom.log                 manager.2011-03-31.log       studycalendar-plugins.log
[tomcat-app@ncias-q389-v logs]$ vi studycalendar.log
[tomcat-app@ncias-q389-v logs]$ ls
admin.2011-03-31.log  catalina.2011-03-31.log  host-manager.2011-03-31.log  profiler-c3pr.log                 study-xml-import-c3pr.log
c3pr.log              catalina.2011-04-01.log  infrastructure-c3pr.log      registration-xml-import-c3pr.log  suite-dashboard.log
c3pr.log.1            catalina.out             labviewer.log                studycalendar.2011-03-31.log.gz   wsrf-caaers.log
caaers.hibernate.log  caXchange.log            localhost.2011-03-31.log     studycalendar.log
caaers.log            ctom.log                 manager.2011-03-31.log       studycalendar-plugins.log
[tomcat-app@ncias-q389-v logs]$ vi catalina.2011-04-01.log
[tomcat-app@ncias-q389-v logs]$ vi studycalendar.log
16:34:33 | 165.112.133.113 | ccts_rz_stu_co | ERROR: Servlet.service() for servlet spring threw exception
java.lang.NumberFormatException: For input string: "147\"
        at java.lang.NumberFormatException.forInputString(NumberFormatException.java:48) ~[na:1.5.0_10]
        at java.lang.Integer.parseInt(Integer.java:456) ~[na:1.5.0_10]
        at java.lang.Integer.valueOf(Integer.java:553) ~[na:1.5.0_10]
        at org.springframework.web.bind.ServletRequestUtils$IntParser.doParse(ServletRequestUtils.java:554) ~[spring-webmvc-2.5.6.jar:2.5.6]
        at org.springframework.web.bind.ServletRequestUtils$ParameterParser.parse(ServletRequestUtils.java:524) ~[spring-webmvc-2.5.6.jar:2.5.6]
        at org.springframework.web.bind.ServletRequestUtils$IntParser.parseInt(ServletRequestUtils.java:558) ~[spring-webmvc-2.5.6.jar:2.5.6]
        at org.springframework.web.bind.ServletRequestUtils.getRequiredIntParameter(ServletRequestUtils.java:108) ~[spring-webmvc-2.5.6.jar:2.5.6]
        at org.springframework.web.bind.ServletRequestUtils.getIntParameter(ServletRequestUtils.java:62) ~[spring-webmvc-2.5.6.jar:2.5.6]
        at edu.northwestern.bioinformatics.studycalendar.web.template.DisplayTemplateController.handleRequestInternal(DisplayTemplateController.java:78) ~[DisplayTemplateController.class:na]
        at org.springframework.web.servlet.mvc.AbstractController.handleRequest(AbstractController.java:153) ~[spring-webmvc-2.5.6.jar:2.5.6]
        at org.springframework.web.servlet.mvc.SimpleControllerHandlerAdapter.handle(SimpleControllerHandlerAdapter.java:48) ~[spring-webmvc-2.5.6.jar:2.5.6]
        at org.springframework.web.servlet.DispatcherServlet.doDispatch(DispatcherServlet.java:875) ~[spring-webmvc-2.5.6.jar:2.5.6]
        at org.springframework.web.servlet.DispatcherServlet.doService(DispatcherServlet.java:807) ~[spring-webmvc-2.5.6.jar:2.5.6]
        at org.springframework.web.servlet.FrameworkServlet.processRequest(FrameworkServlet.java:571) ~[spring-webmvc-2.5.6.jar:2.5.6]
        at org.springframework.web.servlet.FrameworkServlet.doGet(FrameworkServlet.java:501) ~[spring-webmvc-2.5.6.jar:2.5.6]
        at javax.servlet.http.HttpServlet.service(HttpServlet.java:627) ~[servlet-api.jar:na]
        at javax.servlet.http.HttpServlet.service(HttpServlet.java:729) ~[servlet-api.jar:na]
        at org.apache.catalina.core.ApplicationFilterChain.internalDoFilter(ApplicationFilterChain.java:269) ~[catalina.jar:na]
        at org.apache.catalina.core.ApplicationFilterChain.doFilter(ApplicationFilterChain.java:188) ~[catalina.jar:na]
        at edu.northwestern.bioinformatics.studycalendar.web.ExceptionTranslationFilter.doFilter(ExceptionTranslationFilter.java:26) ~[ExceptionTranslationFilter.class:na]
        at org.apache.catalina.core.ApplicationFilterChain.internalDoFilter(ApplicationFilterChain.java:215) ~[catalina.jar:na]
        at org.apache.catalina.core.ApplicationFilterChain.doFilter(ApplicationFilterChain.java:188) ~[catalina.jar:na]
        at com.opensymphony.module.sitemesh.filter.PageFilter.parsePage(PageFilter.java:118) ~[sitemesh-2.2.1.jar:na]
        at com.opensymphony.module.sitemesh.filter.PageFilter.doFilter(PageFilter.java:52) ~[sitemesh-2.2.1.jar:na]
        at org.apache.catalina.core.ApplicationFilterChain.internalDoFilter(ApplicationFilterChain.java:215) ~[catalina.jar:na]
"studycalendar.log" 387L, 49656C
